======================================================================
KDE BOOTSTRAP GATE VERIFICATION
======================================================================
Timestamp: 2026-07-29T06:56:59.682594
Project Type: go

--- Gate B1 ---
  [✓] runtime_state: PASSED: Runtime status is 'initialized', all 11 modules loaded
  [✓] experiments_directory: PASSED: laboratory/experiments/ exists
  [✓] laboratory_rules: PASSED: Laboratory rules documentation exists

--- Gate B2 ---
  [✓] git_log_check: Recent commits:
  f34c8a4 Merge pull request #12 from tamzrod/feat/kde-runtime-inheritance
  [✓] git_status_check: Uncommitted changes: 13 file(s)

--- Gate B3 ---
  [✓] python_runtime: PASSED: Python 3.13.14, PyYAML 6.0.3
  [✗] go_available: WARNING: Go toolchain not available. For Go projects, install: curl -sL https://go.dev/dl/go1.22.5.linux-amd64.tar.gz | tar -xz -C $HOME/go --strip-components=1 && echo 'export PATH=$HOME/go/bin:$PATH' >> ~/.bashrc
  [✓] go_deps: SKIPPED: go mod verify skipped (quick mode). Use --full to run all checks.

======================================================================
RESULT: PASSED
Summary: Bootstrap gates verified (QUICK MODE): 7/8 checks passed. Can proceed with investigation.
======================================================================
